#
# There is insufficient memory for the Java Runtime Environment to continue.
# Native memory allocation (malloc) failed to allocate 32744 bytes for ChunkPool::allocate
# Possible reasons:
#   The system is out of physical RAM or swap space
#   The process is running with CompressedOops enabled, and the Java Heap may be blocking the growth of the native heap
# Possible solutions:
#   Reduce memory load on the system
#   Increase physical memory or swap space
#   Check if swap backing store is full
#   Decrease Java heap size (-Xmx/-Xms)
#   Decrease number of Java threads
#   Decrease Java thread stack sizes (-Xss)
#   Set larger code cache with -XX:ReservedCodeCacheSize=
#   JVM is running with Unscaled Compressed Oops mode in which the Java heap is
#     placed in the first 4GB address space. The Java Heap base address is the
#     maximum limit for the native heap growth. Please use -XX:HeapBaseMinAddress
#     to set the Java Heap base and to place the Java Heap above 4GB virtual address.
# This output file may be truncated or incomplete.
#
#  Out of Memory Error (arena.cpp:78), pid=4404, tid=14644
#
# JRE version: Java(TM) SE Runtime Environment (17.0.4.1+1) (build 17.0.4.1+1-LTS-2)
# Java VM: Java HotSpot(TM) 64-Bit Server VM (17.0.4.1+1-LTS-2, mixed mode, sharing, tiered, compressed oops, compressed class ptrs, g1 gc, windows-amd64)
# No core dump will be written. Minidumps are not enabled by default on client versions of Windows
#

---------------  S U M M A R Y ------------

Command Line: -Xmx64m -Xms64m -Dorg.gradle.appname=gradlew D:\CODE\Efrei Projet\OO System Dev\TP1\tp1\tp1\\gradle\wrapper\gradle-wrapper.jar bootRun

Host: AMD Ryzen 5 4600H with Radeon Graphics         , 12 cores, 15G,  Windows 11 , 64 bit Build 26100 (10.0.26100.8875)
Time: Wed Aug 26 16:14:29 2026 Romance Daylight Time elapsed time: 519.422872 seconds (0d 0h 8m 39s)

---------------  T H R E A D  ---------------

Current thread (0x00000220721f9b80):  JavaThread "C2 CompilerThread0" daemon [_thread_in_native, id=14644, stack(0x0000007f4c000000,0x0000007f4c100000)]


Current CompileTask:
C2: 519422 1836       4       org.gradle.internal.logging.console.WorkInProgressRenderer::renderNow (351 bytes)

Stack: [0x0000007f4c000000,0x0000007f4c100000]
Native frames: (J=compiled Java code, j=interpreted, Vv=VM code, C=native code)
V  [jvm.dll+0x6723ba]
V  [jvm.dll+0x7d1e34]
V  [jvm.dll+0x7d35de]
V  [jvm.dll+0x7d3c43]
V  [jvm.dll+0x243065]
V  [jvm.dll+0xaa7c0]
V  [jvm.dll+0xaab0c]
V  [jvm.dll+0x57a7cc]
V  [jvm.dll+0x21e342]
V  [jvm.dll+0x21785f]
V  [jvm.dll+0x2154bb]
V  [jvm.dll+0x1a1fcd]
V  [jvm.dll+0x224e08]
V  [jvm.dll+0x222f75]
V  [jvm.dll+0x787a0b]
V  [jvm.dll+0x781fca]
V  [jvm.dll+0x671245]
C  [ucrtbase.dll+0x2cd30]
C  [KERNEL32.DLL+0x2e957]
C  [ntdll.dll+0xaad6c]


---------------  P R O C E S S  ---------------

Threads class SMR info:
_java_thread_list=0x0000022074472bf0, length=13, elements={
0x00000220586519a0, 0x00000220587079a0, 0x0000022058708550, 0x00000220721e30a0,
0x00000220721e5a60, 0x00000220721e6410, 0x00000220721f6de0, 0x00000220721f9b80,
0x00000220721fce40, 0x00000220721fe750, 0x0000022072c72800, 0x0000022072c72cd0,
0x0000022072c73670
}

Java Threads: ( => current thread )
  0x00000220586519a0 JavaThread "main" [_thread_in_native, id=6744, stack(0x0000007f4b300000,0x0000007f4b400000)]
  0x00000220587079a0 JavaThread "Reference Handler" daemon [_thread_blocked, id=20036, stack(0x0000007f4ba00000,0x0000007f4bb00000)]
  0x0000022058708550 JavaThread "Finalizer" daemon [_thread_blocked, id=10304, stack(0x0000007f4bb00000,0x0000007f4bc00000)]
  0x00000220721e30a0 JavaThread "Signal Dispatcher" daemon [_thread_blocked, id=12860, stack(0x0000007f4bc00000,0x0000007f4bd00000)]
  0x00000220721e5a60 JavaThread "Attach Listener" daemon [_thread_blocked, id=13192, stack(0x0000007f4bd00000,0x0000007f4be00000)]
  0x00000220721e6410 JavaThread "Service Thread" daemon [_thread_blocked, id=18940, stack(0x0000007f4be00000,0x0000007f4bf00000)]
  0x00000220721f6de0 JavaThread "Monitor Deflation Thread" daemon [_thread_blocked, id=23272, stack(0x0000007f4bf00000,0x0000007f4c000000)]
=>0x00000220721f9b80 JavaThread "C2 CompilerThread0" daemon [_thread_in_native, id=14644, stack(0x0000007f4c000000,0x0000007f4c100000)]
  0x00000220721fce40 JavaThread "C1 CompilerThread0" daemon [_thread_blocked, id=18316, stack(0x0000007f4c100000,0x0000007f4c200000)]
  0x00000220721fe750 JavaThread "Sweeper thread" daemon [_thread_blocked, id=23496, stack(0x0000007f4c200000,0x0000007f4c300000)]
  0x0000022072c72800 JavaThread "Notification Thread" daemon [_thread_blocked, id=6264, stack(0x0000007f4c300000,0x0000007f4c400000)]
  0x0000022072c72cd0 JavaThread "Common-Cleaner" daemon [_thread_blocked, id=22972, stack(0x0000007f4c500000,0x0000007f4c600000)]
  0x0000022072c73670 JavaThread "pool-1-thread-1" [_thread_blocked, id=4472, stack(0x0000007f4cd00000,0x0000007f4ce00000)]

Other Threads:
  0x00000220586ffcd0 VMThread "VM Thread" [stack: 0x0000007f4b900000,0x0000007f4ba00000] [id=18276]
  0x000002205867bbb0 WatcherThread [stack: 0x0000007f4c400000,0x0000007f4c500000] [id=17748]
  0x0000022058672590 GCTaskThread "GC Thread#0" [stack: 0x0000007f4b400000,0x0000007f4b500000] [id=22392]
  0x0000022073e1e070 GCTaskThread "GC Thread#1" [stack: 0x0000007f4c800000,0x0000007f4c900000] [id=1656]
  0x00000220739108e0 GCTaskThread "GC Thread#2" [stack: 0x0000007f4c900000,0x0000007f4ca00000] [id=13708]
  0x000002207300e8d0 GCTaskThread "GC Thread#3" [stack: 0x0000007f4ca00000,0x0000007f4cb00000] [id=18620]
  0x0000022072fc4070 GCTaskThread "GC Thread#4" [stack: 0x0000007f4cb00000,0x0000007f4cc00000] [id=13592]
  0x0000022072fc4320 GCTaskThread "GC Thread#5" [stack: 0x0000007f4cc00000,0x0000007f4cd00000] [id=6252]
  0x0000022074572c80 GCTaskThread "GC Thread#6" [stack: 0x0000007f4b000000,0x0000007f4b100000] [id=10600]
  0x000002207226f4e0 GCTaskThread "GC Thread#7" [stack: 0x0000007f4b100000,0x0000007f4b200000] [id=15060]
  0x000002207226f790 GCTaskThread "GC Thread#8" [stack: 0x0000007f4b200000,0x0000007f4b300000] [id=8212]
  0x0000022058673cd0 ConcurrentGCThread "G1 Main Marker" [stack: 0x0000007f4b500000,0x0000007f4b600000] [id=23460]
  0x00000220586753b0 ConcurrentGCThread "G1 Conc#0" [stack: 0x0000007f4b600000,0x0000007f4b700000] [id=14420]
  0x00000220586e4400 ConcurrentGCThread "G1 Refine#0" [stack: 0x0000007f4b700000,0x0000007f4b800000] [id=9424]
  0x00000220586e5cd0 ConcurrentGCThread "G1 Service" [stack: 0x0000007f4b800000,0x0000007f4b900000] [id=13240]

Threads with active compile tasks:
C2 CompilerThread0   519446 1836       4       org.gradle.internal.logging.console.WorkInProgressRenderer::renderNow (351 bytes)

VM state: not at safepoint (normal execution)

VM Mutex/Monitor currently owned by a thread: None

Heap address: 0x00000000fc000000, size: 64 MB, Compressed Oops mode: 32-bit

CDS archive(s) mapped at: [0x0000000800000000-0x0000000800bc0000-0x0000000800bc0000), size 12320768, SharedBaseAddress: 0x0000000800000000, ArchiveRelocationMode: 0.
Compressed class space mapped at: 0x0000000800c00000-0x0000000840c00000, reserved size: 1073741824
Narrow klass base: 0x0000000800000000, Narrow klass shift: 0, Narrow klass range: 0x100000000

GC Precious Log:
 CPUs: 12 total, 12 available
 Memory: 15741M
 Large Page Support: Disabled
 NUMA Support: Disabled
 Compressed Oops: Enabled (32-bit)
 Heap Region Size: 1M
 Heap Min Capacity: 64M
 Heap Initial Capacity: 64M
 Heap Max Capacity: 64M
 Pre-touch: Disabled
 Parallel Workers: 10
 Concurrent Workers: 3
 Concurrent Refinement Workers: 10
 Periodic GC: Disabled

Heap:
 garbage-first heap   total 65536K, used 19797K [0x00000000fc000000, 0x0000000100000000)
  region size 1024K, 11 young (11264K), 4 survivors (4096K)
 Metaspace       used 9888K, committed 10112K, reserved 1064960K
  class space    used 1295K, committed 1408K, reserved 1048576K

Heap Regions: E=young(eden), S=young(survivor), O=old, HS=humongous(starts), HC=humongous(continues), CS=collection set, F=free, OA=open archive, CA=closed archive, TAMS=top-at-mark-start (previous, next)
|   0|0x00000000fc000000, 0x00000000fc100000, 0x00000000fc100000|100%| O|  |TAMS 0x00000000fc000000, 0x00000000fc000000| Untracked 
|   1|0x00000000fc100000, 0x00000000fc200000, 0x00000000fc200000|100%| O|  |TAMS 0x00000000fc100000, 0x00000000fc100000| Untracked 
|   2|0x00000000fc200000, 0x00000000fc300000, 0x00000000fc300000|100%|HS|  |TAMS 0x00000000fc200000, 0x00000000fc200000| Complete 
|   3|0x00000000fc300000, 0x00000000fc400000, 0x00000000fc400000|100%|HC|  |TAMS 0x00000000fc300000, 0x00000000fc300000| Complete 
|   4|0x00000000fc400000, 0x00000000fc500000, 0x00000000fc500000|100%|HC|  |TAMS 0x00000000fc400000, 0x00000000fc400000| Complete 
|   5|0x00000000fc500000, 0x00000000fc600000, 0x00000000fc600000|100%|HC|  |TAMS 0x00000000fc500000, 0x00000000fc500000| Complete 
|   6|0x00000000fc600000, 0x00000000fc700000, 0x00000000fc700000|100%| O|  |TAMS 0x00000000fc600000, 0x00000000fc600000| Untracked 
|   7|0x00000000fc700000, 0x00000000fc800000, 0x00000000fc800000|100%| O|  |TAMS 0x00000000fc700000, 0x00000000fc700000| Untracked 
|   8|0x00000000fc800000, 0x00000000fc900000, 0x00000000fc900000|100%| O|  |TAMS 0x00000000fc800000, 0x00000000fc800000| Untracked 
|   9|0x00000000fc900000, 0x00000000fc955600, 0x00000000fca00000| 33%| O|  |TAMS 0x00000000fc900000, 0x00000000fc900000| Untracked 
|  10|0x00000000fca00000, 0x00000000fca00000, 0x00000000fcb00000|  0%| F|  |TAMS 0x00000000fca00000, 0x00000000fca00000| Untracked 
|  11|0x00000000fcb00000, 0x00000000fcb00000, 0x00000000fcc00000|  0%| F|  |TAMS 0x00000000fcb00000, 0x00000000fcb00000| Untracked 
|  12|0x00000000fcc00000, 0x00000000fcc00000, 0x00000000fcd00000|  0%| F|  |TAMS 0x00000000fcc00000, 0x00000000fcc00000| Untracked 
|  13|0x00000000fcd00000, 0x00000000fcd00000, 0x00000000fce00000|  0%| F|  |TAMS 0x00000000fcd00000, 0x00000000fcd00000| Untracked 
|  14|0x00000000fce00000, 0x00000000fce00000, 0x00000000fcf00000|  0%| F|  |TAMS 0x00000000fce00000, 0x00000000fce00000| Untracked 
|  15|0x00000000fcf00000, 0x00000000fcf00000, 0x00000000fd000000|  0%| F|  |TAMS 0x00000000fcf00000, 0x00000000fcf00000| Untracked 
|  16|0x00000000fd000000, 0x00000000fd000000, 0x00000000fd100000|  0%| F|  |TAMS 0x00000000fd000000, 0x00000000fd000000| Untracked 
|  17|0x00000000fd100000, 0x00000000fd100000, 0x00000000fd200000|  0%| F|  |TAMS 0x00000000fd100000, 0x00000000fd100000| Untracked 
|  18|0x00000000fd200000, 0x00000000fd200000, 0x00000000fd300000|  0%| F|  |TAMS 0x00000000fd200000, 0x00000000fd200000| Untracked 
|  19|0x00000000fd300000, 0x00000000fd300000, 0x00000000fd400000|  0%| F|  |TAMS 0x00000000fd300000, 0x00000000fd300000| Untracked 
|  20|0x00000000fd400000, 0x00000000fd400000, 0x00000000fd500000|  0%| F|  |TAMS 0x00000000fd400000, 0x00000000fd400000| Untracked 
|  21|0x00000000fd500000, 0x00000000fd500000, 0x00000000fd600000|  0%| F|  |TAMS 0x00000000fd500000, 0x00000000fd500000| Untracked 
|  22|0x00000000fd600000, 0x00000000fd600000, 0x00000000fd700000|  0%| F|  |TAMS 0x00000000fd600000, 0x00000000fd600000| Untracked 
|  23|0x00000000fd700000, 0x00000000fd700000, 0x00000000fd800000|  0%| F|  |TAMS 0x00000000fd700000, 0x00000000fd700000| Untracked 
|  24|0x00000000fd800000, 0x00000000fd800000, 0x00000000fd900000|  0%| F|  |TAMS 0x00000000fd800000, 0x00000000fd800000| Untracked 
|  25|0x00000000fd900000, 0x00000000fd900000, 0x00000000fda00000|  0%| F|  |TAMS 0x00000000fd900000, 0x00000000fd900000| Untracked 
|  26|0x00000000fda00000, 0x00000000fda00000, 0x00000000fdb00000|  0%| F|  |TAMS 0x00000000fda00000, 0x00000000fda00000| Untracked 
|  27|0x00000000fdb00000, 0x00000000fdb00000, 0x00000000fdc00000|  0%| F|  |TAMS 0x00000000fdb00000, 0x00000000fdb00000| Untracked 
|  28|0x00000000fdc00000, 0x00000000fdc00000, 0x00000000fdd00000|  0%| F|  |TAMS 0x00000000fdc00000, 0x00000000fdc00000| Untracked 
|  29|0x00000000fdd00000, 0x00000000fdd00000, 0x00000000fde00000|  0%| F|  |TAMS 0x00000000fdd00000, 0x00000000fdd00000| Untracked 
|  30|0x00000000fde00000, 0x00000000fde00000, 0x00000000fdf00000|  0%| F|  |TAMS 0x00000000fde00000, 0x00000000fde00000| Untracked 
|  31|0x00000000fdf00000, 0x00000000fdf00000, 0x00000000fe000000|  0%| F|  |TAMS 0x00000000fdf00000, 0x00000000fdf00000| Untracked 
|  32|0x00000000fe000000, 0x00000000fe100000, 0x00000000fe100000|100%| S|CS|TAMS 0x00000000fe000000, 0x00000000fe000000| Complete 
|  33|0x00000000fe100000, 0x00000000fe200000, 0x00000000fe200000|100%| S|CS|TAMS 0x00000000fe100000, 0x00000000fe100000| Complete 
|  34|0x00000000fe200000, 0x00000000fe300000, 0x00000000fe300000|100%| S|CS|TAMS 0x00000000fe200000, 0x00000000fe200000| Complete 
|  35|0x00000000fe300000, 0x00000000fe400000, 0x00000000fe400000|100%| S|CS|TAMS 0x00000000fe300000, 0x00000000fe300000| Complete 
|  36|0x00000000fe400000, 0x00000000fe400000, 0x00000000fe500000|  0%| F|  |TAMS 0x00000000fe400000, 0x00000000fe400000| Untracked 
|  37|0x00000000fe500000, 0x00000000fe500000, 0x00000000fe600000|  0%| F|  |TAMS 0x00000000fe500000, 0x00000000fe500000| Untracked 
|  38|0x00000000fe600000, 0x00000000fe600000, 0x00000000fe700000|  0%| F|  |TAMS 0x00000000fe600000, 0x00000000fe600000| Untracked 
|  39|0x00000000fe700000, 0x00000000fe700000, 0x00000000fe800000|  0%| F|  |TAMS 0x00000000fe700000, 0x00000000fe700000| Untracked 
|  40|0x00000000fe800000, 0x00000000fe800000, 0x00000000fe900000|  0%| F|  |TAMS 0x00000000fe800000, 0x00000000fe800000| Untracked 
|  41|0x00000000fe900000, 0x00000000fe900000, 0x00000000fea00000|  0%| F|  |TAMS 0x00000000fe900000, 0x00000000fe900000| Untracked 
|  42|0x00000000fea00000, 0x00000000fea00000, 0x00000000feb00000|  0%| F|  |TAMS 0x00000000fea00000, 0x00000000fea00000| Untracked 
|  43|0x00000000feb00000, 0x00000000feb00000, 0x00000000fec00000|  0%| F|  |TAMS 0x00000000feb00000, 0x00000000feb00000| Untracked 
|  44|0x00000000fec00000, 0x00000000fec00000, 0x00000000fed00000|  0%| F|  |TAMS 0x00000000fec00000, 0x00000000fec00000| Untracked 
|  45|0x00000000fed00000, 0x00000000fed00000, 0x00000000fee00000|  0%| F|  |TAMS 0x00000000fed00000, 0x00000000fed00000| Untracked 
|  46|0x00000000fee00000, 0x00000000fee00000, 0x00000000fef00000|  0%| F|  |TAMS 0x00000000fee00000, 0x00000000fee00000| Untracked 
|  47|0x00000000fef00000, 0x00000000fef00000, 0x00000000ff000000|  0%| F|  |TAMS 0x00000000fef00000, 0x00000000fef00000| Untracked 
|  48|0x00000000ff000000, 0x00000000ff000000, 0x00000000ff100000|  0%| F|  |TAMS 0x00000000ff000000, 0x00000000ff000000| Untracked 
|  49|0x00000000ff100000, 0x00000000ff100000, 0x00000000ff200000|  0%| F|  |TAMS 0x00000000ff100000, 0x00000000ff100000| Untracked 
|  50|0x00000000ff200000, 0x00000000ff200000, 0x00000000ff300000|  0%| F|  |TAMS 0x00000000ff200000, 0x00000000ff200000| Untracked 
|  51|0x00000000ff300000, 0x00000000ff300000, 0x00000000ff400000|  0%| F|  |TAMS 0x00000000ff300000, 0x00000000ff300000| Untracked 
|  52|0x00000000ff400000, 0x00000000ff400000, 0x00000000ff500000|  0%| F|  |TAMS 0x00000000ff400000, 0x00000000ff400000| Untracked 
|  53|0x00000000ff500000, 0x00000000ff500000, 0x00000000ff600000|  0%| F|  |TAMS 0x00000000ff500000, 0x00000000ff500000| Untracked 
|  54|0x00000000ff600000, 0x00000000ff600000, 0x00000000ff700000|  0%| F|  |TAMS 0x00000000ff600000, 0x00000000ff600000| Untracked 
|  55|0x00000000ff700000, 0x00000000ff700000, 0x00000000ff800000|  0%| F|  |TAMS 0x00000000ff700000, 0x00000000ff700000| Untracked 
|  56|0x00000000ff800000, 0x00000000ff800000, 0x00000000ff900000|  0%| F|  |TAMS 0x00000000ff800000, 0x00000000ff800000| Untracked 
|  57|0x00000000ff900000, 0x00000000ff945fc8, 0x00000000ffa00000| 27%| E|  |TAMS 0x00000000ff900000, 0x00000000ff900000| Complete 
|  58|0x00000000ffa00000, 0x00000000ffb00000, 0x00000000ffb00000|100%| E|CS|TAMS 0x00000000ffa00000, 0x00000000ffa00000| Complete 
|  59|0x00000000ffb00000, 0x00000000ffc00000, 0x00000000ffc00000|100%| E|CS|TAMS 0x00000000ffb00000, 0x00000000ffb00000| Complete 
|  60|0x00000000ffc00000, 0x00000000ffd00000, 0x00000000ffd00000|100%| E|CS|TAMS 0x00000000ffc00000, 0x00000000ffc00000| Complete 
|  61|0x00000000ffd00000, 0x00000000ffe00000, 0x00000000ffe00000|100%| E|CS|TAMS 0x00000000ffd00000, 0x00000000ffd00000| Complete 
|  62|0x00000000ffe00000, 0x00000000fff00000, 0x00000000fff00000|100%| E|CS|TAMS 0x00000000ffe00000, 0x00000000ffe00000| Complete 
|  63|0x00000000fff00000, 0x0000000100000000, 0x0000000100000000|100%| E|CS|TAMS 0x00000000fff00000, 0x00000000fff00000| Complete 

Card table byte_map: [0x0000022056820000,0x0000022056840000] _byte_map_base: 0x0000022056040000

Marking Bits (Prev, Next): (CMBitMap*) 0x0000022058672ba0, (CMBitMap*) 0x0000022058672be0
 Prev Bits: [0x000002206f410000, 0x000002206f510000)
 Next Bits: [0x000002206f510000, 0x000002206f610000)

Polling page: 0x0000022056550000

Metaspace:

Usage:
  Non-class:      8.39 MB used.
      Class:      1.27 MB used.
       Both:      9.66 MB used.

Virtual space:
  Non-class space:       16.00 MB reserved,       8.50 MB ( 53%) committed,  2 nodes.
      Class space:        1.00 GB reserved,       1.38 MB ( <1%) committed,  1 nodes.
             Both:        1.02 GB reserved,       9.88 MB ( <1%) committed. 

Chunk freelists:
   Non-Class:  3.17 MB
       Class:  2.58 MB
        Both:  5.75 MB

MaxMetaspaceSize: unlimited
CompressedClassSpaceSize: 1.00 GB
Initial GC threshold: 21.00 MB
Current GC threshold: 21.00 MB
CDS: on
MetaspaceReclaimPolicy: balanced
 - commit_granule_bytes: 65536.
 - commit_granule_words: 8192.
 - virtual_space_node_default_size: 1048576.
 - enlarge_chunks_in_place: 1.
 - new_chunks_are_fully_committed: 0.
 - uncommit_free_chunks: 1.
 - use_allocation_guard: 0.
 - handle_deallocations: 1.


Internal statistics:

num_allocs_failed_limit: 0.
num_arena_births: 90.
num_arena_deaths: 0.
num_vsnodes_births: 3.
num_vsnodes_deaths: 0.
num_space_committed: 158.
num_space_uncommitted: 0.
num_chunks_returned_to_freelist: 0.
num_chunks_taken_from_freelist: 374.
num_chunk_merges: 0.
num_chunk_splits: 250.
num_chunks_enlarged: 207.
num_purges: 0.
num_inconsistent_stats: 0.

CodeHeap 'non-profiled nmethods': size=120000Kb used=817Kb max_used=817Kb free=119182Kb
 bounds [0x0000022067990000, 0x0000022067c00000, 0x000002206eec0000]
CodeHeap 'profiled nmethods': size=120000Kb used=3491Kb max_used=3491Kb free=116508Kb
 bounds [0x0000022060460000, 0x00000220607d0000, 0x0000022067990000]
CodeHeap 'non-nmethods': size=5760Kb used=1175Kb max_used=1214Kb free=4585Kb
 bounds [0x000002205fec0000, 0x0000022060130000, 0x0000022060460000]
 total_blobs=2307 nmethods=1835 adapters=385
 compilation: enabled
              stopped_count=0, restarted_count=0
 full_count=0

Compilation events (20 events):
Event: 483.550 Thread 0x00000220721f9b80 nmethod 1826 0x0000022067a4a610 code [0x0000022067a4a820, 0x0000022067a4b398]
Event: 487.039 Thread 0x00000220721f9b80 1827   !   4       net.rubygrapefruit.platform.internal.WindowsTerminal::getTerminalSize (84 bytes)
Event: 487.042 Thread 0x00000220721f9b80 nmethod 1827 0x0000022067a4bb10 code [0x0000022067a4bcc0, 0x0000022067a4c108]
Event: 488.052 Thread 0x00000220721f9b80 1828       4       java.io.FilterOutputStream::flush (8 bytes)
Event: 488.053 Thread 0x00000220721f9b80 nmethod 1828 0x0000022067a4c310 code [0x0000022067a4c4a0, 0x0000022067a4c628]
Event: 502.252 Thread 0x00000220721f9b80 1829       4       org.gradle.internal.logging.console.BuildStatusRenderer::onOutput (350 bytes)
Event: 502.532 Thread 0x00000220721f9b80 nmethod 1829 0x0000022067a4c810 code [0x0000022067a4d000, 0x0000022067a55428]
Event: 502.533 Thread 0x00000220721f9b80 1830       4       org.gradle.internal.logging.console.BuildLogLevelFilterRenderer::onOutput (53 bytes)
Event: 502.548 Thread 0x00000220721f9b80 nmethod 1830 0x0000022067a5a010 code [0x0000022067a5a240, 0x0000022067a5ab70]
Event: 504.744 Thread 0x00000220721f9b80 1831       4       com.google.common.collect.AbstractIterator::hasNext (61 bytes)
Event: 504.752 Thread 0x00000220721f9b80 nmethod 1831 0x0000022067a5b790 code [0x0000022067a5b940, 0x0000022067a5c0b8]
Event: 508.040 Thread 0x00000220721fce40 1832       3       java.util.ArrayList::listIterator (15 bytes)
Event: 508.040 Thread 0x00000220721fce40 nmethod 1832 0x00000220607c7310 code [0x00000220607c7500, 0x00000220607c7a58]
Event: 508.040 Thread 0x00000220721fce40 1833       3       java.util.ArrayList$ListItr::<init> (16 bytes)
Event: 508.040 Thread 0x00000220721fce40 nmethod 1833 0x00000220607c7c90 code [0x00000220607c7e40, 0x00000220607c80d8]
Event: 508.040 Thread 0x00000220721fce40 1834       3       org.gradle.internal.logging.console.DefaultColorMap$ForegroundColor::off (9 bytes)
Event: 508.041 Thread 0x00000220721fce40 nmethod 1834 0x00000220607c8210 code [0x00000220607c8400, 0x00000220607c8a58]
Event: 510.054 Thread 0x00000220721f9b80 1835   !   4       java.nio.charset.Charset::defaultCharset (53 bytes)
Event: 510.054 Thread 0x00000220721f9b80 nmethod 1835 0x0000022067a5c410 code [0x0000022067a5c580, 0x0000022067a5c618]
Event: 513.346 Thread 0x00000220721f9b80 1836       4       org.gradle.internal.logging.console.WorkInProgressRenderer::renderNow (351 bytes)

GC Heap History (4 events):
Event: 0.449 GC heap before
{Heap before GC invocations=0 (full 0):
 garbage-first heap   total 65536K, used 22528K [0x00000000fc000000, 0x0000000100000000)
  region size 1024K, 23 young (23552K), 0 survivors (0K)
 Metaspace       used 3446K, committed 3648K, reserved 1056768K
  class space    used 408K, committed 512K, reserved 1048576K
}
Event: 0.453 GC heap after
{Heap after GC invocations=1 (full 0):
 garbage-first heap   total 65536K, used 5112K [0x00000000fc000000, 0x0000000100000000)
  region size 1024K, 3 young (3072K), 3 survivors (3072K)
 Metaspace       used 3446K, committed 3648K, reserved 1056768K
  class space    used 408K, committed 512K, reserved 1048576K
}
Event: 86.151 GC heap before
{Heap before GC invocations=1 (full 0):
 garbage-first heap   total 65536K, used 33784K [0x00000000fc000000, 0x0000000100000000)
  region size 1024K, 28 young (28672K), 3 survivors (3072K)
 Metaspace       used 9837K, committed 10048K, reserved 1064960K
  class space    used 1295K, committed 1408K, reserved 1048576K
}
Event: 86.155 GC heap after
{Heap after GC invocations=2 (full 0):
 garbage-first heap   total 65536K, used 13653K [0x00000000fc000000, 0x0000000100000000)
  region size 1024K, 4 young (4096K), 4 survivors (4096K)
 Metaspace       used 9837K, committed 10048K, reserved 1064960K
  class space    used 1295K, committed 1408K, reserved 1048576K
}

Deoptimization events (20 events):
Event: 0.933 Thread 0x00000220586519a0 Uncommon trap: trap_request=0xffffffc6 fr.pc=0x0000022067a041e8 relative=0x0000000000000308
Event: 0.933 Thread 0x00000220586519a0 Uncommon trap: reason=bimorphic_or_optimized_type_check action=maybe_recompile pc=0x0000022067a041e8 method=java.util.HashMap.getNode(Ljava/lang/Object;)Ljava/util/HashMap$Node; @ 128 c2
Event: 0.933 Thread 0x00000220586519a0 DEOPT PACKING pc=0x0000022067a041e8 sp=0x0000007f4b3fa5c0
Event: 0.933 Thread 0x00000220586519a0 DEOPT UNPACKING pc=0x000002205ff123a3 sp=0x0000007f4b3fa4c8 mode 2
Event: 0.948 Thread 0x00000220586519a0 Uncommon trap: trap_request=0xffffffde fr.pc=0x00000220679b29f4 relative=0x0000000000000074
Event: 0.948 Thread 0x00000220586519a0 Uncommon trap: reason=class_check action=maybe_recompile pc=0x00000220679b29f4 method=java.util.AbstractList$Itr.hasNext()Z @ 8 c2
Event: 0.948 Thread 0x00000220586519a0 DEOPT PACKING pc=0x00000220679b29f4 sp=0x0000007f4b3fc3e0
Event: 0.948 Thread 0x00000220586519a0 DEOPT UNPACKING pc=0x000002205ff123a3 sp=0x0000007f4b3fc378 mode 2
Event: 0.948 Thread 0x00000220586519a0 Uncommon trap: trap_request=0xffffffde fr.pc=0x00000220679b4954 relative=0x00000000000000b4
Event: 0.948 Thread 0x00000220586519a0 Uncommon trap: reason=class_check action=maybe_recompile pc=0x00000220679b4954 method=java.util.AbstractList$Itr.next()Ljava/lang/Object; @ 14 c2
Event: 0.948 Thread 0x00000220586519a0 DEOPT PACKING pc=0x00000220679b4954 sp=0x0000007f4b3fc3d0
Event: 0.948 Thread 0x00000220586519a0 DEOPT UNPACKING pc=0x000002205ff123a3 sp=0x0000007f4b3fc368 mode 2
Event: 0.964 Thread 0x00000220586519a0 Uncommon trap: trap_request=0xffffffde fr.pc=0x00000220679b29f4 relative=0x0000000000000074
Event: 0.964 Thread 0x00000220586519a0 Uncommon trap: reason=class_check action=maybe_recompile pc=0x00000220679b29f4 method=java.util.AbstractList$Itr.hasNext()Z @ 8 c2
Event: 0.964 Thread 0x00000220586519a0 DEOPT PACKING pc=0x00000220679b29f4 sp=0x0000007f4b3fd440
Event: 0.964 Thread 0x00000220586519a0 DEOPT UNPACKING pc=0x000002205ff123a3 sp=0x0000007f4b3fd3d8 mode 2
Event: 1.050 Thread 0x0000022072c73670 Uncommon trap: trap_request=0xffffffde fr.pc=0x00000220679b4954 relative=0x00000000000000b4
Event: 1.050 Thread 0x0000022072c73670 Uncommon trap: reason=class_check action=maybe_recompile pc=0x00000220679b4954 method=java.util.AbstractList$Itr.next()Ljava/lang/Object; @ 14 c2
Event: 1.050 Thread 0x0000022072c73670 DEOPT PACKING pc=0x00000220679b4954 sp=0x0000007f4cdfedf0
Event: 1.050 Thread 0x0000022072c73670 DEOPT UNPACKING pc=0x000002205ff123a3 sp=0x0000007f4cdfed88 mode 2

Classes unloaded (0 events):
No events

Classes redefined (0 events):
No events

Internal exceptions (20 events):
Event: 0.611 Thread 0x00000220586519a0 Exception <a 'java/lang/NoSuchMethodError'{0x00000000ff7783d0}: 'void java.lang.invoke.DirectMethodHandle$Holder.invokeStatic(java.lang.Object, long, java.lang.Object)'> (0x00000000ff7783d0) 
thrown [s\open\src\hotspot\share\interpreter\linkResolver.cpp, line 759]
Event: 0.612 Thread 0x00000220586519a0 Exception <a 'java/lang/NoSuchMethodError'{0x00000000ff77e6e0}: 'java.lang.Object java.lang.invoke.DirectMethodHandle$Holder.newInvokeSpecial(java.lang.Object, long, java.lang.Object)'> (0x00000000ff77e6e0) 
thrown [s\open\src\hotspot\share\interpreter\linkResolver.cpp, line 759]
Event: 0.613 Thread 0x00000220586519a0 Exception <a 'java/lang/NullPointerException'{0x00000000ff78ada8}> (0x00000000ff78ada8) 
thrown [s\open\src\hotspot\share\interpreter\linkResolver.cpp, line 1350]
Event: 0.613 Thread 0x00000220586519a0 Exception <a 'java/lang/NullPointerException'{0x00000000ff78b328}> (0x00000000ff78b328) 
thrown [s\open\src\hotspot\share\interpreter\linkResolver.cpp, line 1350]
Event: 0.613 Thread 0x00000220586519a0 Exception <a 'java/lang/NullPointerException'{0x00000000ff78b8a8}> (0x00000000ff78b8a8) 
thrown [s\open\src\hotspot\share\interpreter\linkResolver.cpp, line 1350]
Event: 0.613 Thread 0x00000220586519a0 Exception <a 'java/lang/NullPointerException'{0x00000000ff7928d8}> (0x00000000ff7928d8) 
thrown [s\open\src\hotspot\share\interpreter\linkResolver.cpp, line 1350]
Event: 0.614 Thread 0x00000220586519a0 Exception <a 'java/lang/NullPointerException'{0x00000000ff7a9438}> (0x00000000ff7a9438) 
thrown [s\open\src\hotspot\share\interpreter\linkResolver.cpp, line 1350]
Event: 0.614 Thread 0x00000220586519a0 Exception <a 'java/lang/NullPointerException'{0x00000000ff7a99b8}> (0x00000000ff7a99b8) 
thrown [s\open\src\hotspot\share\interpreter\linkResolver.cpp, line 1350]
Event: 0.614 Thread 0x00000220586519a0 Exception <a 'java/lang/NullPointerException'{0x00000000ff7a9f38}> (0x00000000ff7a9f38) 
thrown [s\open\src\hotspot\share\interpreter\linkResolver.cpp, line 1350]
Event: 0.614 Thread 0x00000220586519a0 Exception <a 'java/lang/NullPointerException'{0x00000000ff7aa4b8}> (0x00000000ff7aa4b8) 
thrown [s\open\src\hotspot\share\interpreter\linkResolver.cpp, line 1350]
Event: 0.673 Thread 0x00000220586519a0 Exception <a 'java/lang/NoSuchMethodError'{0x00000000ff3a1a10}: 'java.lang.Object java.lang.invoke.DirectMethodHandle$Holder.newInvokeSpecial(java.lang.Object, java.lang.Object, java.lang.Object, java.lang.Object, java.lang.Object)'> (0x00000000ff3a1a10) 
thrown [s\open\src\hotspot\share\interpreter\linkResolver.cpp, line 759]
Event: 0.684 Thread 0x00000220586519a0 Exception <a 'java/lang/NoSuchMethodError'{0x00000000ff27f718}: 'void java.lang.invoke.DirectMethodHandle$Holder.invokeSpecial(java.lang.Object, java.lang.Object, java.lang.Object)'> (0x00000000ff27f718) 
thrown [s\open\src\hotspot\share\interpreter\linkResolver.cpp, line 759]
Event: 0.808 Thread 0x00000220586519a0 Exception <a 'java/lang/NoSuchMethodError'{0x00000000ff064978}: 'void java.lang.invoke.DirectMethodHandle$Holder.invokeStatic(java.lang.Object, java.lang.Object, java.lang.Object)'> (0x00000000ff064978) 
thrown [s\open\src\hotspot\share\interpreter\linkResolver.cpp, line 759]
Event: 0.830 Thread 0x00000220586519a0 Exception <a 'java/lang/NoSuchMethodError'{0x00000000fee99390}: 'java.lang.Object java.lang.invoke.DirectMethodHandle$Holder.newInvokeSpecial(java.lang.Object, java.lang.Object, java.lang.Object, java.lang.Object, java.lang.Object, java.lang.Object, java.lang.Object, java.lang.Object)'> (0x00000000fee99390) 
thrown [s\open\src\hotspot\share\interpreter\linkResolver.cpp, line 759]
Event: 0.830 Thread 0x00000220586519a0 Exception <a 'java/lang/NoSuchMethodError'{0x00000000fee9e9a8}: 'java.lang.Object java.lang.invoke.DirectMethodHandle$Holder.invokeSpecial(java.lang.Object, java.lang.Object, java.lang.Object, java.lang.Object, java.lang.Object, java.lang.Object, java.lang.Object, java.lang.Object, java.lang.Object)'> (0x00000000fee9e9a8) 
thrown [s\open\src\hotspot\share\interpreter\linkResolver.cpp, line 759]
Event: 0.830 Thread 0x00000220586519a0 Exception <a 'java/lang/NoSuchMethodError'{0x00000000feea38d8}: 'java.lang.Object java.lang.invoke.Invokers$Holder.linkToTargetMethod(java.lang.Object, java.lang.Object, java.lang.Object, java.lang.Object, java.lang.Object, java.lang.Object, java.lang.Object, java.lang.Object)'> (0x00000000feea38d8) 
thrown [s\open\src\hotspot\share\interpreter\linkResolver.cpp, line 759]
Event: 0.866 Thread 0x00000220586519a0 Exception <a 'java/lang/NoSuchMethodError'{0x00000000feb39d50}: 'java.lang.Object java.lang.invoke.DirectMethodHandle$Holder.invokeStaticInit(java.lang.Object, int, int, int, int)'> (0x00000000feb39d50) 
thrown [s\open\src\hotspot\share\interpreter\linkResolver.cpp, line 759]
Event: 0.899 Thread 0x00000220586519a0 Exception <a 'java/lang/NoSuchMethodError'{0x00000000feb6ccf0}: 'java.lang.Object java.lang.invoke.DirectMethodHandle$Holder.invokeStaticInit(java.lang.Object, java.lang.Object, int, int, int, int)'> (0x00000000feb6ccf0) 
thrown [s\open\src\hotspot\share\interpreter\linkResolver.cpp, line 759]
Event: 0.915 Thread 0x00000220586519a0 Implicit null exception at 0x00000220679c2272 to 0x00000220679c2840
Event: 0.916 Thread 0x00000220586519a0 Implicit null exception at 0x00000220679cbaf2 to 0x00000220679cc0d0

VM Operations (20 events):
Event: 260.857 Executing VM operation: Cleanup
Event: 260.857 Executing VM operation: Cleanup done
Event: 264.891 Executing VM operation: Cleanup
Event: 264.891 Executing VM operation: Cleanup done
Event: 265.898 Executing VM operation: Cleanup
Event: 265.898 Executing VM operation: Cleanup done
Event: 269.930 Executing VM operation: Cleanup
Event: 269.931 Executing VM operation: Cleanup done
Event: 334.547 Executing VM operation: Cleanup
Event: 334.547 Executing VM operation: Cleanup done
Event: 382.011 Executing VM operation: Cleanup
Event: 382.011 Executing VM operation: Cleanup done
Event: 489.002 Executing VM operation: Cleanup
Event: 489.002 Executing VM operation: Cleanup done
Event: 490.013 Executing VM operation: Cleanup
Event: 490.013 Executing VM operation: Cleanup done
Event: 505.210 Executing VM operation: Cleanup
Event: 505.210 Executing VM operation: Cleanup done
Event: 509.258 Executing VM operation: Cleanup
Event: 509.258 Executing VM operation: Cleanup done

Events (20 events):
Event: 0.953 loading class sun/nio/ch/SinkChannelImpl done
Event: 0.954 loading class sun/nio/ch/SelectionKeyImpl
Event: 0.954 loading class java/nio/channels/spi/AbstractSelectionKey
Event: 0.954 loading class java/nio/channels/SelectionKey
Event: 0.954 loading class java/nio/channels/SelectionKey done
Event: 0.954 loading class java/nio/channels/spi/AbstractSelectionKey done
Event: 0.954 loading class sun/nio/ch/SelectionKeyImpl done
Event: 0.954 loading class java/lang/invoke/ConstantBootstraps
Event: 0.955 loading class java/lang/invoke/ConstantBootstraps done
Event: 0.959 loading class jdk/internal/misc/ScopedMemoryAccess$Scope
Event: 0.959 loading class jdk/internal/misc/ScopedMemoryAccess$Scope done
Event: 0.965 loading class java/nio/channels/spi/AbstractSelector$1
Event: 0.965 loading class java/nio/channels/spi/AbstractSelector$1 done
Event: 0.972 loading class java/util/concurrent/Executors$FinalizableDelegatedExecutorService
Event: 0.972 loading class java/util/concurrent/Executors$FinalizableDelegatedExecutorService done
Event: 1.050 loading class java/util/AbstractList$ListItr
Event: 1.050 loading class java/util/AbstractList$ListItr done
Event: 1.125 Thread 0x0000022072e9ffa0 Thread exited: 0x0000022072e9ffa0
Event: 1.143 loading class java/util/ArrayList$ListItr
Event: 1.143 loading class java/util/ArrayList$ListItr done


Dynamic libraries:
0x00007ff76be00000 - 0x00007ff76be10000 	C:\Program Files\Java\jdk-17.0.4.1\bin\java.exe
0x00007ff903d20000 - 0x00007ff903f86000 	C:\WINDOWS\SYSTEM32\ntdll.dll
0x00007ff901a50000 - 0x00007ff901b19000 	C:\WINDOWS\System32\KERNEL32.DLL
0x00007ff901550000 - 0x00007ff90194e000 	C:\WINDOWS\System32\KERNELBASE.dll
0x00007ff901000000 - 0x00007ff90114c000 	C:\WINDOWS\System32\ucrtbase.dll
0x00007ff8e7dd0000 - 0x00007ff8e7dea000 	C:\Program Files\Java\jdk-17.0.4.1\bin\VCRUNTIME140.dll
0x00007ff8fa020000 - 0x00007ff8fa038000 	C:\Program Files\Java\jdk-17.0.4.1\bin\jli.dll
0x00007ff903970000 - 0x00007ff903a27000 	C:\WINDOWS\System32\ADVAPI32.dll
0x00007ff901f50000 - 0x00007ff901ff9000 	C:\WINDOWS\System32\msvcrt.dll
0x00007ff903140000 - 0x00007ff9031ea000 	C:\WINDOWS\System32\sechost.dll
0x00007ff903010000 - 0x00007ff903128000 	C:\WINDOWS\System32\RPCRT4.dll
0x00007ff9037a0000 - 0x00007ff903967000 	C:\WINDOWS\System32\USER32.dll
0x00007ff901960000 - 0x00007ff901987000 	C:\WINDOWS\System32\win32u.dll
0x00007ff8ecb10000 - 0x00007ff8ecda2000 	C:\WINDOWS\WinSxS\amd64_microsoft.windows.common-controls_6595b64144ccf1df_6.0.26100.8875_none_3e0d5d42e32fe9dd\COMCTL32.dll
0x00007ff903cb0000 - 0x00007ff903cdb000 	C:\WINDOWS\System32\GDI32.dll
0x00007ff901210000 - 0x00007ff90133a000 	C:\WINDOWS\System32\gdi32full.dll
0x00007ff901160000 - 0x00007ff901203000 	C:\WINDOWS\System32\msvcp_win.dll
0x00007ff8fa820000 - 0x00007ff8fa82b000 	C:\WINDOWS\SYSTEM32\VERSION.dll
0x00007ff902000000 - 0x00007ff902032000 	C:\WINDOWS\System32\IMM32.DLL
0x00007ff8fb240000 - 0x00007ff8fb24c000 	C:\Program Files\Java\jdk-17.0.4.1\bin\vcruntime140_1.dll
0x00007ff8e54c0000 - 0x00007ff8e554d000 	C:\Program Files\Java\jdk-17.0.4.1\bin\msvcp140.dll
0x00007ff881f20000 - 0x00007ff882ae2000 	C:\Program Files\Java\jdk-17.0.4.1\bin\server\jvm.dll
0x00007ff903c10000 - 0x00007ff903c18000 	C:\WINDOWS\System32\PSAPI.DLL
0x00007ff8fa870000 - 0x00007ff8fa87a000 	C:\WINDOWS\SYSTEM32\WSOCK32.dll
0x00007ff8f7f10000 - 0x00007ff8f7f46000 	C:\WINDOWS\SYSTEM32\WINMM.dll
0x00007ff902e60000 - 0x00007ff902ee0000 	C:\WINDOWS\System32\WS2_32.dll
0x00007ff8ffb90000 - 0x00007ff8ffbab000 	C:\WINDOWS\SYSTEM32\kernel.appcore.dll
0x00007ff8fa840000 - 0x00007ff8fa84a000 	C:\Program Files\Java\jdk-17.0.4.1\bin\jimage.dll
0x00007ff8fe360000 - 0x00007ff8fe5a2000 	C:\WINDOWS\SYSTEM32\DBGHELP.DLL
0x00007ff903280000 - 0x00007ff903603000 	C:\WINDOWS\System32\combase.dll
0x00007ff902f20000 - 0x00007ff902ff9000 	C:\WINDOWS\System32\OLEAUT32.dll
0x00007ff8ed970000 - 0x00007ff8ed9ab000 	C:\WINDOWS\SYSTEM32\dbgcore.DLL
0x00007ff901990000 - 0x00007ff901a3c000 	C:\WINDOWS\System32\bcryptPrimitives.dll
0x00007ff8e62f0000 - 0x00007ff8e6315000 	C:\Program Files\Java\jdk-17.0.4.1\bin\java.dll
0x00007ff8c8f60000 - 0x00007ff8c9036000 	C:\Program Files\Java\jdk-17.0.4.1\bin\jsvml.dll
0x00007ff902060000 - 0x00007ff9027f2000 	C:\WINDOWS\System32\SHELL32.dll
0x00007ff8fe9c0000 - 0x00007ff8ff252000 	C:\WINDOWS\SYSTEM32\windows.storage.dll
0x00007ff901ce0000 - 0x00007ff901dd7000 	C:\WINDOWS\System32\SHCORE.dll
0x00007ff902800000 - 0x00007ff902867000 	C:\WINDOWS\System32\shlwapi.dll
0x00007ff900e60000 - 0x00007ff900e89000 	C:\WINDOWS\SYSTEM32\profapi.dll
0x00007ff8e6980000 - 0x00007ff8e6999000 	C:\Program Files\Java\jdk-17.0.4.1\bin\net.dll
0x00007ff8f7a10000 - 0x00007ff8f7b37000 	C:\WINDOWS\SYSTEM32\WINHTTP.dll
0x00007ff9001b0000 - 0x00007ff90021c000 	C:\WINDOWS\system32\mswsock.dll
0x00007ff8e66c0000 - 0x00007ff8e66d6000 	C:\Program Files\Java\jdk-17.0.4.1\bin\nio.dll
0x00007ff8e6f50000 - 0x00007ff8e6f68000 	C:\Program Files\Java\jdk-17.0.4.1\bin\zip.dll
0x00007ff8f11f0000 - 0x00007ff8f11f9000 	C:\Program Files\Java\jdk-17.0.4.1\bin\management.dll
0x00007ff8f11e0000 - 0x00007ff8f11eb000 	C:\Program Files\Java\jdk-17.0.4.1\bin\management_ext.dll
0x00007ff8ea110000 - 0x00007ff8ea137000 	C:\Users\Mathi\.gradle\native\660c5614fbf4a5f2a75b1949f50a0caf5cd603558e7d8a26e50b933a0cfb79d1\windows-amd64\native-platform.dll
0x00007ff8fac10000 - 0x00007ff8fac34000 	C:\Users\Mathi\.gradle\native\jansi\2.4.2\Windows\x86_64\jansi.dll
0x00007ff8e7dc0000 - 0x00007ff8e7dd0000 	C:\Program Files\Java\jdk-17.0.4.1\bin\verify.dll
0x00007ff8ff590000 - 0x00007ff8ff5c3000 	C:\WINDOWS\SYSTEM32\IPHLPAPI.DLL
0x00007ff903000000 - 0x00007ff90300a000 	C:\WINDOWS\System32\NSI.dll
0x00007ff8f79e0000 - 0x00007ff8f79fd000 	C:\WINDOWS\SYSTEM32\dhcpcsvc6.DLL
0x00007ff8f79b0000 - 0x00007ff8f79d5000 	C:\WINDOWS\SYSTEM32\dhcpcsvc.DLL
0x00007ff8ff5d0000 - 0x00007ff8ff726000 	C:\WINDOWS\SYSTEM32\DNSAPI.dll
0x00007ff8fffb0000 - 0x00007ff8fffbd000 	C:\WINDOWS\SYSTEM32\DSPARSE.dll
0x00007ff9004d0000 - 0x00007ff9004eb000 	C:\WINDOWS\SYSTEM32\CRYPTSP.dll
0x00007ff8ffb50000 - 0x00007ff8ffb89000 	C:\WINDOWS\system32\rsaenh.dll
0x00007ff900270000 - 0x00007ff9002a2000 	C:\WINDOWS\SYSTEM32\USERENV.dll
0x00007ff900e30000 - 0x00007ff900e5a000 	C:\WINDOWS\SYSTEM32\bcrypt.dll
0x00007ff9004f0000 - 0x00007ff9004fc000 	C:\WINDOWS\SYSTEM32\CRYPTBASE.dll
0x00007ff8e7560000 - 0x00007ff8e756e000 	C:\Program Files\Java\jdk-17.0.4.1\bin\sunmscapi.dll
0x00007ff901340000 - 0x00007ff9014b8000 	C:\WINDOWS\System32\CRYPT32.dll
0x00007ff900710000 - 0x00007ff900740000 	C:\WINDOWS\SYSTEM32\ncrypt.dll
0x00007ff9006c0000 - 0x00007ff9006ff000 	C:\WINDOWS\SYSTEM32\NTASN1.dll
0x00007ff8b10a0000 - 0x00007ff8b10a8000 	C:\WINDOWS\system32\wshunix.dll

dbghelp: loaded successfully - version: 4.0.5 - missing functions: none
symbol engine: initialized successfully - sym options: 0x614 - pdb path: .;C:\Program Files\Java\jdk-17.0.4.1\bin;C:\WINDOWS\SYSTEM32;C:\WINDOWS\WinSxS\amd64_microsoft.windows.common-controls_6595b64144ccf1df_6.0.26100.8875_none_3e0d5d42e32fe9dd;C:\Program Files\Java\jdk-17.0.4.1\bin\server;C:\Users\Mathi\.gradle\native\660c5614fbf4a5f2a75b1949f50a0caf5cd603558e7d8a26e50b933a0cfb79d1\windows-amd64;C:\Users\Mathi\.gradle\native\jansi\2.4.2\Windows\x86_64

VM Arguments:
jvm_args: -Xmx64m -Xms64m -Dorg.gradle.appname=gradlew 
java_command: D:\CODE\Efrei Projet\OO System Dev\TP1\tp1\tp1\\gradle\wrapper\gradle-wrapper.jar bootRun
java_class_path (initial): D:\CODE\Efrei Projet\OO System Dev\TP1\tp1\tp1\\gradle\wrapper\gradle-wrapper.jar
Launcher Type: SUN_STANDARD

[Global flags]
     intx CICompilerCount                          = 4                                         {product} {ergonomic}
     uint ConcGCThreads                            = 3                                         {product} {ergonomic}
     uint G1ConcRefinementThreads                  = 10                                        {product} {ergonomic}
   size_t G1HeapRegionSize                         = 1048576                                   {product} {ergonomic}
    uintx GCDrainStackTargetSize                   = 64                                        {product} {ergonomic}
   size_t InitialHeapSize                          = 67108864                                  {product} {command line}
   size_t MarkStackSize                            = 4194304                                   {product} {ergonomic}
   size_t MaxHeapSize                              = 67108864                                  {product} {command line}
   size_t MaxNewSize                               = 39845888                                  {product} {ergonomic}
   size_t MinHeapDeltaBytes                        = 1048576                                   {product} {ergonomic}
   size_t MinHeapSize                              = 67108864                                  {product} {command line}
    uintx NonNMethodCodeHeapSize                   = 5839372                                {pd product} {ergonomic}
    uintx NonProfiledCodeHeapSize                  = 122909434                              {pd product} {ergonomic}
    uintx ProfiledCodeHeapSize                     = 122909434                              {pd product} {ergonomic}
    uintx ReservedCodeCacheSize                    = 251658240                              {pd product} {ergonomic}
     bool SegmentedCodeCache                       = true                                      {product} {ergonomic}
   size_t SoftMaxHeapSize                          = 67108864                               {manageable} {ergonomic}
     bool UseCompressedClassPointers               = true                           {product lp64_product} {ergonomic}
     bool UseCompressedOops                        = true                           {product lp64_product} {ergonomic}
     bool UseG1GC                                  = true                                      {product} {ergonomic}
     bool UseLargePagesIndividualAllocation        = false                                  {pd product} {ergonomic}

Logging:
Log output configuration:
 #0: stdout all=warning uptime,level,tags
 #1: stderr all=off uptime,level,tags

Environment Variables:
JAVA_HOME=C:\Program Files\Java\jdk-17.0.4.1
PATH=D:\Oculus\Support\oculus-runtime;C:\Program Files\Common Files\Oracle\Java\javapath;C:\Program Files (x86)\Razer Chroma SDK\bin;C:\Program Files\Razer Chroma SDK\bin;C:\Program Files (x86)\Razer\ChromaBroadcast\bin;C:\Program Files\Razer\ChromaBroadcast\bin;C:\Windows\system32;C:\Windows;C:\Windows\System32\Wbem;C:\Windows\System32\WindowsPowerShell\v1.0\;C:\Windows\System32\OpenSSH\;C:\Program Files\Microsoft SQL Server\150\Tools\Binn\;C:\Program Files\dotnet\;C:\Program Files\aircrack-ng-1.6-win\aircrack-ng-1.6-win\bin;C:\Windows\system32\config\systemprofile\AppData\Local\Microsoft\WindowsApps;C:\WINDOWS\system32;C:\WINDOWS;C:\WINDOWS\System32\Wbem;C:\WINDOWS\System32\WindowsPowerShell\v1.0\;C:\WINDOWS\System32\OpenSSH\;C:\WINDOWS\system32\config\systemprofile\AppData\Local\Microsoft\WindowsApps;C:\Users\Mathi\AppData\Local\Programs\Python\Python39\;C:\Program Files\MongoDB\Server\6.0\bin;C:\Users\Mathi\AppData\Local\Programs\Python\Python310;C:\Users\Mathi\AppData\Roaming\nvm;C:\Program Files\nodejs;C:\Program Files\CMake\bin;C:\java\ant\bin;C:\Program Files\Java\jdk-17.0.4.1\bin;C:\Program Files\nodejs\;C:\Program Files\Git\cmd;C:\WINDOWS\system32;C:\WINDOWS;C:\WINDOWS\System32\Wbem;C:\WINDOWS\System32\WindowsPowerShell\v1.0\;C:\WINDOWS\System32\OpenSSH\;C:\apache-maven-3.9.14\bin;C:\Users\Mathi\AppData\Local\Programs\Python\Python310\Scripts\;C:\Users\Mathi\AppData\Local\Programs\Python\Python310\;C:\Users\Mathi\AppData\Local\Microsoft\WindowsApps;C:\Users\Mathi\AppData\Local\Programs\Microsoft VS Code\bin;C:\Users\Mathi\AppData\Local\GitHubDesktop\bin;D:\APP\PyCharm 2023.2.2\bin;D:\APP\CLion 2023.2.2\bin;C:\ffmpeg-master-latest-win64-gpl\bin;C:\Users\Mathi\AppData\Roaming\nvm;C:\Program Files\nodejs;C:\Users\Mathi\AppData\Local\JetBrains\Toolbox\scripts;D:\APP\CLion 2024.2.2\bin;;C:\Program Files\JetBrains\IntelliJ IDEA 2024.3.1.1\bin;;C:\Users\Mathi\AppData\Roaming\npm;C:\Users\Mathi\.dotnet\tools;C:\Users\Mathi\AppData\Local\Microsoft\WindowsApps;C:\apach
USERNAME=Mathi
OS=Windows_NT
PROCESSOR_IDENTIFIER=AMD64 Family 23 Model 96 Stepping 1, AuthenticAMD



---------------  S Y S T E M  ---------------

OS:
 Windows 11 , 64 bit Build 26100 (10.0.26100.8875)
OS uptime: 0 days 5:52 hours
Hyper-V role detected

CPU: total 12 (initial active 12) (12 cores per cpu, 2 threads per core) family 23 model 96 stepping 1 microcode 0x8600104, cx8, cmov, fxsr, ht, mmx, 3dnowpref, sse, sse2, sse3, ssse3, sse4a, sse4.1, sse4.2, popcnt, lzcnt, tsc, tscinvbit, avx, avx2, aes, clmul, bmi1, bmi2, adx, sha, fma, vzeroupper, clflush, clflushopt, hv

Memory: 4k page, system-wide physical 15741M (1804M free)
TotalPageFile size 18741M (AvailPageFile size 4M)
current process WorkingSet (physical memory assigned to process): 107M, peak: 124M
current process commit charge ("private bytes"): 176M, peak: 194M

vm_info: Java HotSpot(TM) 64-Bit Server VM (17.0.4.1+1-LTS-2) for windows-amd64 JRE (17.0.4.1+1-LTS-2), built on Aug 16 2022 18:32:06 by "mach5one" with MS VC++ 16.8 / 16.9 (VS2019)

END.
